BL51 BANKED LINKER/LOCATER V5.12                                                        08/12/2010  16:46:53  PAGE 1


BL51 BANKED LINKER/LOCATER V5.12, INVOKED BY:
D:\KEIL\C51\BIN\BL51.EXE supersound.obj TO supersound RAMSIZE (256)


MEMORY MODEL: SMALL


INPUT MODULES INCLUDED:
  supersound.obj (SUPERSOUND)
  D:\KEIL\C51\LIB\C51S.LIB (?C_STARTUP)


LINK MAP OF MODULE:  supersound (SUPERSOUND)


            TYPE    BASE      LENGTH    RELOCATION   SEGMENT NAME
            -----------------------------------------------------

            * * * * * * *   D A T A   M E M O R Y   * * * * * * *
            REG     0000H     0008H     ABSOLUTE     "REG BANK 0"
            IDATA   0008H     0001H     UNIT         ?STACK

            * * * * * * *   C O D E   M E M O R Y   * * * * * * *
            CODE    0000H     0003H     ABSOLUTE     
            CODE    0003H     0003H     ABSOLUTE     
            CODE    0006H     0025H     UNIT         ?PR?INT0_SERVER?SUPERSOUND
            CODE    002BH     0021H     UNIT         ?PR?_DELAY?SUPERSOUND
            CODE    004CH     000CH     UNIT         ?C_C51STARTUP
            CODE    0058H     000AH     UNIT         ?PR?MAIN?SUPERSOUND



OVERLAY MAP OF MODULE:   supersound (SUPERSOUND)


SEGMENT
  +--> CALLED SEGMENT
---------------------
?PR?INT0_SERVER?SUPERSOUND
  +--> ?PR?_DELAY?SUPERSOUND

*** NEW ROOT ***************************************************

?C_C51STARTUP
  +--> ?PR?MAIN?SUPERSOUND

?PR?MAIN?SUPERSOUND
  +--> ?PR?_DELAY?SUPERSOUND



SYMBOL TABLE OF MODULE:  supersound (SUPERSOUND)

  VALUE           TYPE          NAME
  ----------------------------------

  -------         MODULE        SUPERSOUND
  C:0000H         SYMBOL        _ICE_DUMMY_
BL51 BANKED LINKER/LOCATER V5.12                                                      08/12/2010  16:46:53  PAGE 2


  D:0090H         PUBLIC        P1
  D:00B0H         PUBLIC        P3
  D:00A8H         PUBLIC        IE
  C:0006H         PUBLIC        INT0_server
  D:00B8H         PUBLIC        IP
  C:0058H         PUBLIC        main
  D:0098H         PUBLIC        SCON
  D:0088H         PUBLIC        TCON
  B:0090H.0       PUBLIC        led0
  D:00C8H         PUBLIC        T2CON
  C:0031H         PUBLIC        _delay
  D:00D0H         PUBLIC        PSW
  C:002DH         SYMBOL        L?0013
  -------         PROC          L?0012
  -------         ENDPROC       L?0012
  C:002DH         SYMBOL        L?0013
  -------         PROC          _DELAY
  D:0006H         SYMBOL        x
  -------         DO            
  D:0004H         SYMBOL        y
  -------         ENDDO         
  C:0031H         LINE#         13
  C:0031H         LINE#         14
  C:0031H         LINE#         15
  C:0035H         LINE#         16
  C:003FH         LINE#         17
  C:004BH         LINE#         18
  -------         ENDPROC       _DELAY
  -------         PROC          MAIN
  C:0058H         LINE#         20
  C:0058H         LINE#         21
  C:0058H         LINE#         22
  C:0058H         LINE#         23
  C:0058H         LINE#         24
  C:005AH         LINE#         25
  C:005DH         LINE#         26
  C:005DH         LINE#         27
  C:0060H         LINE#         28
  -------         ENDPROC       MAIN
  -------         PROC          INT0_SERVER
  C:0006H         LINE#         31
  C:0017H         LINE#         33
  C:0017H         LINE#         34
  C:001AH         LINE#         35
  C:001CH         LINE#         36
  -------         ENDPROC       INT0_SERVER
  -------         ENDMOD        SUPERSOUND

Program Size: data=9.0 xdata=0 code=98
LINK/LOCATE RUN COMPLETE.  0 WARNING(S),  0 ERROR(S)
