BL51 BANKED LINKER/LOCATER V5.12                                                        08/14/2010  20:33:13  PAGE 1


BL51 BANKED LINKER/LOCATER V5.12, INVOKED BY:
D:\KEIL\C51\BIN\BL51.EXE motor.obj TO motor RAMSIZE (256)


MEMORY MODEL: SMALL


INPUT MODULES INCLUDED:
  motor.obj (MOTOR)
  D:\KEIL\C51\LIB\C51S.LIB (?C_STARTUP)
  D:\KEIL\C51\LIB\C51S.LIB (?C_INIT)


LINK MAP OF MODULE:  motor (MOTOR)


            TYPE    BASE      LENGTH    RELOCATION   SEGMENT NAME
            -----------------------------------------------------

            * * * * * * *   D A T A   M E M O R Y   * * * * * * *
            REG     0000H     0008H     ABSOLUTE     "REG BANK 0"
            DATA    0008H     0010H     UNIT         ?DT?MOTOR
            IDATA   0018H     0001H     UNIT         ?STACK

            * * * * * * *   C O D E   M E M O R Y   * * * * * * *
            CODE    0000H     0003H     ABSOLUTE     
            CODE    0003H     008CH     UNIT         ?C_C51STARTUP
            CODE    008FH     001EH     UNIT         ?PR?_FORWARD?MOTOR
            CODE    00ADH     0015H     UNIT         ?PR?_DELAY?MOTOR
            CODE    00C2H     0015H     UNIT         ?C_INITSEG
            CODE    00D7H     0007H     UNIT         ?PR?MAIN?MOTOR



OVERLAY MAP OF MODULE:   motor (MOTOR)


SEGMENT
  +--> CALLED SEGMENT
---------------------
?C_C51STARTUP
  +--> ?PR?MAIN?MOTOR
  +--> ?C_INITSEG

?PR?MAIN?MOTOR
  +--> ?PR?_FORWARD?MOTOR

?PR?_FORWARD?MOTOR
  +--> ?PR?_DELAY?MOTOR



SYMBOL TABLE OF MODULE:  motor (MOTOR)

  VALUE           TYPE          NAME
  ----------------------------------

  -------         MODULE        MOTOR
BL51 BANKED LINKER/LOCATER V5.12                                                      08/14/2010  20:33:13  PAGE 2


  C:0000H         SYMBOL        _ICE_DUMMY_
  D:0080H         PUBLIC        P0
  D:0090H         PUBLIC        P1
  D:00B0H         PUBLIC        P3
  D:00A8H         PUBLIC        IE
  D:00B8H         PUBLIC        IP
  C:00D7H         PUBLIC        main
  D:0098H         PUBLIC        SCON
  D:0088H         PUBLIC        TCON
  D:0008H         PUBLIC        controlL
  D:0010H         PUBLIC        controlR
  C:008FH         PUBLIC        _forward
  D:00C8H         PUBLIC        T2CON
  C:00ADH         PUBLIC        _delay
  D:00D0H         PUBLIC        PSW
  -------         PROC          _DELAY
  D:0006H         SYMBOL        x
  -------         DO            
  D:0005H         SYMBOL        y
  -------         ENDDO         
  C:00ADH         LINE#         14
  C:00ADH         LINE#         15
  C:00ADH         LINE#         16
  C:00AFH         LINE#         17
  C:00B9H         LINE#         18
  C:00C1H         LINE#         19
  -------         ENDPROC       _DELAY
  -------         PROC          _FORWARD
  D:0001H         SYMBOL        i
  -------         DO            
  D:0003H         SYMBOL        j
  -------         ENDDO         
  C:008FH         LINE#         21
  C:0091H         LINE#         22
  C:0091H         LINE#         24
  C:0093H         LINE#         25
  C:0093H         LINE#         26
  C:00A1H         LINE#         27
  C:00A8H         LINE#         28
  C:00ACH         LINE#         30
  -------         ENDPROC       _FORWARD
  -------         PROC          MAIN
  C:00D7H         LINE#         31
  C:00D7H         LINE#         32
  C:00D7H         LINE#         33
  C:00D7H         LINE#         34
  C:00D7H         LINE#         35
  C:00DCH         LINE#         36
  -------         ENDPROC       MAIN
  -------         ENDMOD        MOTOR

Program Size: data=25.0 xdata=0 code=222
LINK/LOCATE RUN COMPLETE.  0 WARNING(S),  0 ERROR(S)
