BL51 BANKED LINKER/LOCATER V5.12                                                        08/12/2010  10:35:41  PAGE 1


BL51 BANKED LINKER/LOCATER V5.12, INVOKED BY:
D:\KEIL\C51\BIN\BL51.EXE infrared.obj TO infrared RAMSIZE (256)


MEMORY MODEL: SMALL


INPUT MODULES INCLUDED:
  infrared.obj (INFRARED)
  D:\KEIL\C51\LIB\C51S.LIB (?C_STARTUP)
  D:\KEIL\C51\LIB\C51S.LIB (?C_INIT)


LINK MAP OF MODULE:  infrared (INFRARED)


            TYPE    BASE      LENGTH    RELOCATION   SEGMENT NAME
            -----------------------------------------------------

            * * * * * * *   D A T A   M E M O R Y   * * * * * * *
            REG     0000H     0008H     ABSOLUTE     "REG BANK 0"
            DATA    0008H     0008H     UNIT         ?DT?INFRARED
            IDATA   0010H     0001H     UNIT         ?STACK

            * * * * * * *   C O D E   M E M O R Y   * * * * * * *
            CODE    0000H     0003H     ABSOLUTE     
            CODE    0003H     008CH     UNIT         ?C_C51STARTUP
            CODE    008FH     0015H     UNIT         ?PR?_DELAY?INFRARED
            CODE    00A4H     000BH     UNIT         ?PR?MAIN?INFRARED
            CODE    00AFH     000BH     UNIT         ?C_INITSEG



OVERLAY MAP OF MODULE:   infrared (INFRARED)


SEGMENT
  +--> CALLED SEGMENT
---------------------
?C_C51STARTUP
  +--> ?PR?MAIN?INFRARED
  +--> ?C_INITSEG



SYMBOL TABLE OF MODULE:  infrared (INFRARED)

  VALUE           TYPE          NAME
  ----------------------------------

  -------         MODULE        INFRARED
  C:0000H         SYMBOL        _ICE_DUMMY_
  D:0090H         PUBLIC        P1
  D:00B0H         PUBLIC        P3
  D:0008H         PUBLIC        control
  D:00A8H         PUBLIC        IE
  D:00B8H         PUBLIC        IP
  C:00A4H         PUBLIC        main
BL51 BANKED LINKER/LOCATER V5.12                                                      08/12/2010  10:35:41  PAGE 2


  B:0090H.7       PUBLIC        input
  D:0098H         PUBLIC        SCON
  D:0088H         PUBLIC        TCON
  B:0090H.0       PUBLIC        led0
  D:00C8H         PUBLIC        T2CON
  C:008FH         PUBLIC        _delay
  D:00D0H         PUBLIC        PSW
  -------         PROC          _DELAY
  D:0006H         SYMBOL        x
  -------         DO            
  D:0005H         SYMBOL        y
  -------         ENDDO         
  C:008FH         LINE#         9
  C:008FH         LINE#         10
  C:008FH         LINE#         11
  C:0091H         LINE#         12
  C:009BH         LINE#         13
  C:00A3H         LINE#         14
  -------         ENDPROC       _DELAY
  -------         PROC          MAIN
  C:00A4H         LINE#         16
  C:00A4H         LINE#         17
  C:00A4H         LINE#         18
  C:00A4H         LINE#         19
  C:00A4H         LINE#         20
  C:00A7H         LINE#         21
  C:00ABH         LINE#         23
  C:00ADH         LINE#         24
  -------         ENDPROC       MAIN
  -------         ENDMOD        INFRARED

*** WARNING L16: UNCALLED SEGMENT, IGNORED FOR OVERLAY PROCESS
    SEGMENT: ?PR?_DELAY?INFRARED

Program Size: data=17.0 xdata=0 code=186
LINK/LOCATE RUN COMPLETE.  1 WARNING(S),  0 ERROR(S)
