C51 COMPILER V7.50   1602_篲允_                                                          08/22/2010 21:44:39 PAGE 1   


C51 COMPILER V7.50, COMPILATION OF MODULE 1602_篲允_
OBJECT MODULE PLACED IN 1602液晶显示.OBJ
COMPILER INVOKED BY: d:\Keil\C51\BIN\C51.EXE 1602液晶显示.c BROWSE DEBUG OBJECTEXTEND

line level    source

   1          //##################################################
   2          //
   3          //    实  验 名 称: 液晶1602显示程序
   4          //
   5          //    试  验 功 能: 通过1602进行显示
   6          //
   7          //    实验硬件环境: 所有程序均在"亿唯电子"公司 MINI51实验板上测试成功,
   8          //                  主控芯片: STC公司的 STC12C5A16S2 单片机
   9          //                  晶振频率: 11.0592MHz 
  10          //       
  11          //    更多程序下载>>亿唯电子：www.evmcu.net
  12          //
  13          //##################################################
  14          
  15          #include<reg52.h>
  16          #include<intrins.h>
  17          unsigned char table[]="t1=  s,t2=  s";
  18          unsigned char table1[]="t3=  s,total=   ";
  19          
  20          sbit LCD_RS=P3^0; // 数据指令选择端定义
  21          sbit LCD_RW=P3^1;
  22          sbit LCD_EN=P3^2; // 使能端定义
  23          
  24          #define LCD_data_port P2  // 定义给液晶送数的端口
  25          
  26          unsigned int t1,t2,t3;
  27          
  28          void delay_ms(unsigned int x) // 延时毫秒级
  29          {
  30   1              unsigned int a=0,b=0,c=0;
  31   1              for(a=x;a>0;a--)
  32   1              for(b=5;b>0;b--)
  33   1              for(c=128;c>0;c--);
  34   1      }
  35          
  36          void delay_us() // 延时100微秒
  37          {
  38   1              unsigned char n=0;
  39   1              for(n=220;n>0;n--)
  40   1              {
  41   2                      _nop_();
  42   2              }
  43   1      }
  44          
  45          void LCD_write_com(unsigned char com) // 写指令
  46          {
  47   1              LCD_RS=0;
  48   1              LCD_data_port=com;
  49   1              delay_us();
  50   1              LCD_EN=1;
  51   1              delay_us();
  52   1              LCD_EN=0;
  53   1      }
  54          
  55          void LCD_write_data(unsigned char date) // 写数据
C51 COMPILER V7.50   1602_篲允_                                                          08/22/2010 21:44:39 PAGE 2   

  56          {
  57   1              LCD_RS=1;
  58   1              LCD_data_port=date;
  59   1              delay_us();
  60   1              LCD_EN=1;
  61   1              delay_us();
  62   1              LCD_EN=0;
  63   1      }
  64          
  65          void LCD_write_array(unsigned char *shu) // 写字符串
  66          {
  67   1              LCD_RS=1;
  68   1              LCD_EN=0;
  69   1              while((*shu)!='\0')
  70   1              {
  71   2                      LCD_data_port = *shu ;
  72   2                      delay_us();
  73   2                      LCD_EN=1;
  74   2                      delay_us();
  75   2                      LCD_EN=0;
  76   2                      delay_us();
  77   2                      shu++;
  78   2              }
  79   1      }
  80          
  81          void LCD_initial()
  82          {
  83   1              LCD_RW=0;
  84   1              LCD_EN=0;
  85   1              LCD_write_com(0x38); // 显示设置
  86   1              LCD_write_com(0x0c);
  87   1              LCD_write_com(0x06);
  88   1              LCD_write_com(0x01); // 清屏
  89   1              delay_ms(10); // 等待一段时间用于清屏
  90   1      }
  91          
  92          void main()
  93          {
  94   1              unsigned char n=0;
  95   1              LCD_initial(); // 液晶初始化
  96   1              t1=31,t2=62,t3=89;
  97   1              table[3]=t1/10+'0';
  98   1              table[4]=t1%10+'0';
  99   1              table[10]=t2/10+'0';
 100   1              table[11]=t2%10+'0';
 101   1              table1[3]=t3/10+'0';
 102   1              table1[4]=t3%10+'0';
 103   1              table1[13]=(t1+t2+t3)/100+'0';
 104   1              table1[14]=(t1+t2+t3)%100/10+'0';
 105   1              table1[15]=(t1+t2+t3)%10+'0';
 106   1      
 107   1              LCD_write_com(0x80); // 设定数据指针地址(液晶第一行数据)
 108   1              LCD_write_array(table); // 写字符串 table
 109   1              LCD_write_com(0xc0); // 设定数据指针地址(液晶第二行数据)
 110   1              LCD_write_array(table1);// 写字符串 table1
 111   1      
 112   1              
 113   1              while(1);
 114   1      }
 115          


C51 COMPILER V7.50   1602_篲允_                                                          08/22/2010 21:44:39 PAGE 3   

MODULE INFORMATION:   STATIC OVERLAYABLE
   CODE SIZE        =    384    ----
   CONSTANT SIZE    =   ----    ----
   XDATA SIZE       =   ----    ----
   PDATA SIZE       =   ----    ----
   DATA SIZE        =     37       1
   IDATA SIZE       =   ----    ----
   BIT SIZE         =   ----    ----
END OF MODULE INFORMATION.


C51 COMPILATION COMPLETE.  0 WARNING(S),  0 ERROR(S)
